=== probe5 env: DYLD_FLP=/opt/homebrew/opt/vulkan-loader/lib VK_ICD=(null) dur=20s ===
[loader] dlopen("libvulkan.1.dylib") OK
layer=CAMetalLayer
device=yes queue=yes ds=560
[t=1.3s onScreen=1] still-nil nilCnt=30 presented=0
[t=2.0s onScreen=1] still-nil nilCnt=60 presented=0
[t=2.6s onScreen=1] still-nil nilCnt=90 presented=0
[t=3.1s onScreen=1] still-nil nilCnt=120 presented=0
[t=3.7s onScreen=1] still-nil nilCnt=150 presented=0
[t=4.3s onScreen=1] still-nil nilCnt=180 presented=0
[t=4.9s onScreen=1] still-nil nilCnt=210 presented=0
[t=5.4s onScreen=1] still-nil nilCnt=240 presented=0
[t=6.0s onScreen=1] still-nil nilCnt=270 presented=0
[t=6.6s onScreen=1] still-nil nilCnt=300 presented=0
[t=7.2s onScreen=1] still-nil nilCnt=330 presented=0
[t=7.8s onScreen=1] still-nil nilCnt=360 presented=0
[t=8.4s onScreen=1] still-nil nilCnt=390 presented=0
[t=8.9s onScreen=1] still-nil nilCnt=420 presented=0
[t=9.5s onScreen=1] still-nil nilCnt=450 presented=0
[t=10.1s onScreen=1] still-nil nilCnt=480 presented=0
[t=10.7s onScreen=1] still-nil nilCnt=510 presented=0
[t=11.3s onScreen=1] still-nil nilCnt=540 presented=0
[t=11.8s onScreen=1] still-nil nilCnt=570 presented=0
[t=12.4s onScreen=1] still-nil nilCnt=600 presented=0
[t=13.0s onScreen=1] still-nil nilCnt=630 presented=0
[t=13.5s onScreen=1] still-nil nilCnt=660 presented=0
[t=14.1s onScreen=1] still-nil nilCnt=690 presented=0
[t=14.7s onScreen=1] still-nil nilCnt=720 presented=0
[t=15.2s onScreen=1] still-nil nilCnt=750 presented=0
[t=15.8s onScreen=1] still-nil nilCnt=780 presented=0
[t=16.4s onScreen=1] still-nil nilCnt=810 presented=0
[t=17.0s onScreen=1] still-nil nilCnt=840 presented=0
[t=17.6s onScreen=1] still-nil nilCnt=870 presented=0
[t=18.1s onScreen=1] still-nil nilCnt=900 presented=0
[t=18.7s onScreen=1] still-nil nilCnt=930 presented=0
[t=19.3s onScreen=1] still-nil nilCnt=960 presented=0
[t=19.9s onScreen=1] still-nil nilCnt=990 presented=0
=== probe5 RESULT: presented=0 nilSeen=995 (dur 20s) ===
>>> NO drawables even with real presents
