
=================================================================
==1360524==ERROR: LeakSanitizer: detected memory leaks

Direct leak of 4096 byte(s) in 1 object(s) allocated from:
    #0 0x7f80a8f8aa21 in calloc (/usr/lib/libasan.so.8+0x18aa21) (BuildId: 9984d9525c58ce2da97a0c6855b72ef802ee1bbe)
    #1 0x7b80a74a740b  (<unknown module>)

Direct leak of 2784 byte(s) in 2 object(s) allocated from:
    #0 0x7f80a8f8a5b1 in malloc (/usr/lib/libasan.so.8+0x18a5b1) (BuildId: 9984d9525c58ce2da97a0c6855b72ef802ee1bbe)
    #1 0x7b80a31e74a1  (<unknown module>)

Direct leak of 2048 byte(s) in 1 object(s) allocated from:
    #0 0x7f80a8f8a5b1 in malloc (/usr/lib/libasan.so.8+0x18a5b1) (BuildId: 9984d9525c58ce2da97a0c6855b72ef802ee1bbe)
    #1 0x7b80a74dc529  (<unknown module>)

Direct leak of 256 byte(s) in 1 object(s) allocated from:
    #0 0x7f80a8f89451  (/usr/lib/libasan.so.8+0x189451) (BuildId: 9984d9525c58ce2da97a0c6855b72ef802ee1bbe)
    #1 0x7b808a62908f  (<unknown module>)
    #2 0x7b808a629789  (<unknown module>)

Direct leak of 224 byte(s) in 7 object(s) allocated from:
    #0 0x7f80a8f8a5b1 in malloc (/usr/lib/libasan.so.8+0x18a5b1) (BuildId: 9984d9525c58ce2da97a0c6855b72ef802ee1bbe)
    #1 0x7f80a8b8cd64  (/usr/lib/libxcb.so.1+0xcd64) (BuildId: 0a5551df0f405cc0cfb1f0a4e3c200866ce194d7)
    #2 0x7f80a8b8d58d  (/usr/lib/libxcb.so.1+0xd58d) (BuildId: 0a5551df0f405cc0cfb1f0a4e3c200866ce194d7)
    #3 0x7f80a8b8dc76  (/usr/lib/libxcb.so.1+0xdc76) (BuildId: 0a5551df0f405cc0cfb1f0a4e3c200866ce194d7)
    #4 0x7f80a8b8f025 in xcb_wait_for_reply (/usr/lib/libxcb.so.1+0xf025) (BuildId: 0a5551df0f405cc0cfb1f0a4e3c200866ce194d7)

Direct leak of 184 byte(s) in 1 object(s) allocated from:
    #0 0x7f80a8f8aa21 in calloc (/usr/lib/libasan.so.8+0x18aa21) (BuildId: 9984d9525c58ce2da97a0c6855b72ef802ee1bbe)
    #1 0x7f80a7ba2c08  (/usr/lib/../lib/libdbus-1.so.3+0x28c08) (BuildId: abbac845e2b15b094f7744a15ed2c67ce27cf54b)
    #2 0x7f80a7ba4b7d in _dbus_message_loader_queue_messages (/usr/lib/../lib/libdbus-1.so.3+0x2ab7d) (BuildId: abbac845e2b15b094f7744a15ed2c67ce27cf54b)

Direct leak of 112 byte(s) in 2 object(s) allocated from:
    #0 0x7f80a8f8aa21 in calloc (/usr/lib/libasan.so.8+0x18aa21) (BuildId: 9984d9525c58ce2da97a0c6855b72ef802ee1bbe)
    #1 0x7b80a31e775d  (<unknown module>)

Direct leak of 64 byte(s) in 1 object(s) allocated from:
    #0 0x7f80a8f8a5b1 in malloc (/usr/lib/libasan.so.8+0x18a5b1) (BuildId: 9984d9525c58ce2da97a0c6855b72ef802ee1bbe)
    #1 0x7b80a74da773  (<unknown module>)

Direct leak of 64 byte(s) in 1 object(s) allocated from:
    #0 0x7f80a8f8a5b1 in malloc (/usr/lib/libasan.so.8+0x18a5b1) (BuildId: 9984d9525c58ce2da97a0c6855b72ef802ee1bbe)
    #1 0x7b80a74a7618  (<unknown module>)

Direct leak of 56 byte(s) in 1 object(s) allocated from:
    #0 0x7f80a8f8aa21 in calloc (/usr/lib/libasan.so.8+0x18aa21) (BuildId: 9984d9525c58ce2da97a0c6855b72ef802ee1bbe)
    #1 0x7f80a79ce2fc  (<unknown module>)

Direct leak of 52 byte(s) in 1 object(s) allocated from:
    #0 0x7f80a8f8a5b1 in malloc (/usr/lib/libasan.so.8+0x18a5b1) (BuildId: 9984d9525c58ce2da97a0c6855b72ef802ee1bbe)
    #1 0x7b80a74d0e8a  (<unknown module>)
    #2 0x7b80a74d1768  (<unknown module>)

Direct leak of 40 byte(s) in 1 object(s) allocated from:
    #0 0x7f80a8f8a5b1 in malloc (/usr/lib/libasan.so.8+0x18a5b1) (BuildId: 9984d9525c58ce2da97a0c6855b72ef802ee1bbe)
    #1 0x7b80a74dc332  (<unknown module>)

Direct leak of 16 byte(s) in 1 object(s) allocated from:
    #0 0x7f80a8f8a5b1 in malloc (/usr/lib/libasan.so.8+0x18a5b1) (BuildId: 9984d9525c58ce2da97a0c6855b72ef802ee1bbe)
    #1 0x7b80a74d0c0a  (<unknown module>)

Direct leak of 16 byte(s) in 1 object(s) allocated from:
    #0 0x7f80a8f8a5b1 in malloc (/usr/lib/libasan.so.8+0x18a5b1) (BuildId: 9984d9525c58ce2da97a0c6855b72ef802ee1bbe)
    #1 0x7b80a74e1d1f  (<unknown module>)

Direct leak of 16 byte(s) in 1 object(s) allocated from:
    #0 0x7f80a8f8a5b1 in malloc (/usr/lib/libasan.so.8+0x18a5b1) (BuildId: 9984d9525c58ce2da97a0c6855b72ef802ee1bbe)
    #1 0x7b80a74e49f1  (<unknown module>)

Direct leak of 8 byte(s) in 1 object(s) allocated from:
    #0 0x7f80a8f8a5b1 in malloc (/usr/lib/libasan.so.8+0x18a5b1) (BuildId: 9984d9525c58ce2da97a0c6855b72ef802ee1bbe)
    #1 0x7b80a74ecf7a  (<unknown module>)
    #2 0x7b80a74f063a  (<unknown module>)

Indirect leak of 8176 byte(s) in 1 object(s) allocated from:
    #0 0x7f80a8f8a5b1 in malloc (/usr/lib/libasan.so.8+0x18a5b1) (BuildId: 9984d9525c58ce2da97a0c6855b72ef802ee1bbe)
    #1 0x7b80a74a75da  (<unknown module>)

Indirect leak of 8176 byte(s) in 1 object(s) allocated from:
    #0 0x7f80a8f8a5b1 in malloc (/usr/lib/libasan.so.8+0x18a5b1) (BuildId: 9984d9525c58ce2da97a0c6855b72ef802ee1bbe)
    #1 0x7b80a74a7827  (<unknown module>)

Indirect leak of 3600 byte(s) in 50 object(s) allocated from:
    #0 0x7f80a8f8aa21 in calloc (/usr/lib/libasan.so.8+0x18aa21) (BuildId: 9984d9525c58ce2da97a0c6855b72ef802ee1bbe)
    #1 0x7b80a74d0cb9  (<unknown module>)
    #2 0x7b80a74d1768  (<unknown module>)

Indirect leak of 3520 byte(s) in 88 object(s) allocated from:
    #0 0x7f80a8f8aa21 in calloc (/usr/lib/libasan.so.8+0x18aa21) (BuildId: 9984d9525c58ce2da97a0c6855b72ef802ee1bbe)
    #1 0x7b80a74d6df2  (<unknown module>)

Indirect leak of 2992 byte(s) in 3 object(s) allocated from:
    #0 0x7f80a8f8aa21 in calloc (/usr/lib/libasan.so.8+0x18aa21) (BuildId: 9984d9525c58ce2da97a0c6855b72ef802ee1bbe)
    #1 0x7b80a31e775d  (<unknown module>)

Indirect leak of 2579 byte(s) in 49 object(s) allocated from:
    #0 0x7f80a8f8a5b1 in malloc (/usr/lib/libasan.so.8+0x18a5b1) (BuildId: 9984d9525c58ce2da97a0c6855b72ef802ee1bbe)
    #1 0x7b80a74d0e8a  (<unknown module>)
    #2 0x7b80a74d1768  (<unknown module>)

Indirect leak of 2136 byte(s) in 1 object(s) allocated from:
    #0 0x7f80a8f8aa21 in calloc (/usr/lib/libasan.so.8+0x18aa21) (BuildId: 9984d9525c58ce2da97a0c6855b72ef802ee1bbe)
    #1 0x7b80a74dc2d0  (<unknown module>)

Indirect leak of 1728 byte(s) in 27 object(s) allocated from:
    #0 0x7f80a8f8a5b1 in malloc (/usr/lib/libasan.so.8+0x18a5b1) (BuildId: 9984d9525c58ce2da97a0c6855b72ef802ee1bbe)
    #1 0x7b80a74da773  (<unknown module>)

Indirect leak of 1360 byte(s) in 85 object(s) allocated from:
    #0 0x7f80a8f8a5b1 in malloc (/usr/lib/libasan.so.8+0x18a5b1) (BuildId: 9984d9525c58ce2da97a0c6855b72ef802ee1bbe)
    #1 0x7b80a74d6caa  (<unknown module>)
    #2 0x7b80a74d70a4  (<unknown module>)

Indirect leak of 1302 byte(s) in 88 object(s) allocated from:
    #0 0x7f80a8f8169a in strdup (/usr/lib/libasan.so.8+0x18169a) (BuildId: 9984d9525c58ce2da97a0c6855b72ef802ee1bbe)
    #1 0x7b80a74d701e  (<unknown module>)

Indirect leak of 1280 byte(s) in 16 object(s) allocated from:
    #0 0x7f80a8f8aa21 in calloc (/usr/lib/libasan.so.8+0x18aa21) (BuildId: 9984d9525c58ce2da97a0c6855b72ef802ee1bbe)
    #1 0x7b80a74dd1c9  (<unknown module>)

Indirect leak of 1056 byte(s) in 88 object(s) allocated from:
    #0 0x7f80a8f8169a in strdup (/usr/lib/libasan.so.8+0x18169a) (BuildId: 9984d9525c58ce2da97a0c6855b72ef802ee1bbe)
    #1 0x7b80a74d6e0b  (<unknown module>)

Indirect leak of 1028 byte(s) in 50 object(s) allocated from:
    #0 0x7f80a8f8a5b1 in malloc (/usr/lib/libasan.so.8+0x18a5b1) (BuildId: 9984d9525c58ce2da97a0c6855b72ef802ee1bbe)
    #1 0x7b80a74d0cef  (<unknown module>)
    #2 0x7b80a74d1768  (<unknown module>)

Indirect leak of 834 byte(s) in 2 object(s) allocated from:
    #0 0x7f80a8f89451  (/usr/lib/libasan.so.8+0x189451) (BuildId: 9984d9525c58ce2da97a0c6855b72ef802ee1bbe)
    #1 0x7f80a7bb5909 in _dbus_string_copy_len (/usr/lib/../lib/libdbus-1.so.3+0x3b909) (BuildId: abbac845e2b15b094f7744a15ed2c67ce27cf54b)

Indirect leak of 800 byte(s) in 50 object(s) allocated from:
    #0 0x7f80a8f8a5b1 in malloc (/usr/lib/libasan.so.8+0x18a5b1) (BuildId: 9984d9525c58ce2da97a0c6855b72ef802ee1bbe)
    #1 0x7b80a74d0c0a  (<unknown module>)
    #2 0x7b80a74d1768  (<unknown module>)

Indirect leak of 787 byte(s) in 85 object(s) allocated from:
    #0 0x7f80a8f8a5b1 in malloc (/usr/lib/libasan.so.8+0x18a5b1) (BuildId: 9984d9525c58ce2da97a0c6855b72ef802ee1bbe)
    #1 0x7b80a74d6cd3  (<unknown module>)
    #2 0x7b80a74d70a4  (<unknown module>)

Indirect leak of 695 byte(s) in 53 object(s) allocated from:
    #0 0x7f80a8f8a5b1 in malloc (/usr/lib/libasan.so.8+0x18a5b1) (BuildId: 9984d9525c58ce2da97a0c6855b72ef802ee1bbe)
    #1 0x7b80a74d0d66  (<unknown module>)

Indirect leak of 288 byte(s) in 4 object(s) allocated from:
    #0 0x7f80a8f8aa21 in calloc (/usr/lib/libasan.so.8+0x18aa21) (BuildId: 9984d9525c58ce2da97a0c6855b72ef802ee1bbe)
    #1 0x7b80a74d0cb9  (<unknown module>)

Indirect leak of 182 byte(s) in 3 object(s) allocated from:
    #0 0x7f80a8f89451  (/usr/lib/libasan.so.8+0x189451) (BuildId: 9984d9525c58ce2da97a0c6855b72ef802ee1bbe)
    #1 0x7b80a74d6b1c  (<unknown module>)
    #2 0x7b80a74d70a4  (<unknown module>)

Indirect leak of 176 byte(s) in 1 object(s) allocated from:
    #0 0x7f80a8f8aa21 in calloc (/usr/lib/libasan.so.8+0x18aa21) (BuildId: 9984d9525c58ce2da97a0c6855b72ef802ee1bbe)
    #1 0x7b80a74d652f  (<unknown module>)
    #2 0x7b80a74da417  (<unknown module>)

Indirect leak of 168 byte(s) in 1 object(s) allocated from:
    #0 0x7f80a8f8a5b1 in malloc (/usr/lib/libasan.so.8+0x18a5b1) (BuildId: 9984d9525c58ce2da97a0c6855b72ef802ee1bbe)
    #1 0x7b80a74d6546  (<unknown module>)
    #2 0x7b80a74da417  (<unknown module>)

Indirect leak of 128 byte(s) in 1 object(s) allocated from:
    #0 0x7f80a8f895e1 in reallocarray (/usr/lib/libasan.so.8+0x1895e1) (BuildId: 9984d9525c58ce2da97a0c6855b72ef802ee1bbe)
    #1 0x7b80a74dd201  (<unknown module>)

Indirect leak of 104 byte(s) in 13 object(s) allocated from:
    #0 0x7f80a8f8a5b1 in malloc (/usr/lib/libasan.so.8+0x18a5b1) (BuildId: 9984d9525c58ce2da97a0c6855b72ef802ee1bbe)
    #1 0x7b80a74ddbda  (<unknown module>)

Indirect leak of 104 byte(s) in 3 object(s) allocated from:
    #0 0x7f80a8f895e1 in reallocarray (/usr/lib/libasan.so.8+0x1895e1) (BuildId: 9984d9525c58ce2da97a0c6855b72ef802ee1bbe)
    #1 0x7b80a74d6ae0  (<unknown module>)
    #2 0x7b80a74d70a4  (<unknown module>)

Indirect leak of 96 byte(s) in 1 object(s) allocated from:
    #0 0x7f80a8f8aa21 in calloc (/usr/lib/libasan.so.8+0x18aa21) (BuildId: 9984d9525c58ce2da97a0c6855b72ef802ee1bbe)
    #1 0x7f80a79d0289  (<unknown module>)

Indirect leak of 80 byte(s) in 3 object(s) allocated from:
    #0 0x7f80a8f895e1 in reallocarray (/usr/lib/libasan.so.8+0x1895e1) (BuildId: 9984d9525c58ce2da97a0c6855b72ef802ee1bbe)
    #1 0x7b80a74dd762  (<unknown module>)

Indirect leak of 78 byte(s) in 4 object(s) allocated from:
    #0 0x7f80a8f8a5b1 in malloc (/usr/lib/libasan.so.8+0x18a5b1) (BuildId: 9984d9525c58ce2da97a0c6855b72ef802ee1bbe)
    #1 0x7b80a74d0cef  (<unknown module>)

Indirect leak of 62 byte(s) in 4 object(s) allocated from:
    #0 0x7f80a8f8a5b1 in malloc (/usr/lib/libasan.so.8+0x18a5b1) (BuildId: 9984d9525c58ce2da97a0c6855b72ef802ee1bbe)
    #1 0x7b80a31e74a1  (<unknown module>)

Indirect leak of 48 byte(s) in 3 object(s) allocated from:
    #0 0x7f80a8f8a5b1 in malloc (/usr/lib/libasan.so.8+0x18a5b1) (BuildId: 9984d9525c58ce2da97a0c6855b72ef802ee1bbe)
    #1 0x7b80a74d0c0a  (<unknown module>)

Indirect leak of 47 byte(s) in 5 object(s) allocated from:
    #0 0x7f80a8f8a5b1 in malloc (/usr/lib/libasan.so.8+0x18a5b1) (BuildId: 9984d9525c58ce2da97a0c6855b72ef802ee1bbe)
    #1 0x7b80a74d0f40  (<unknown module>)
    #2 0x7b80a74d1768  (<unknown module>)

Indirect leak of 32 byte(s) in 2 object(s) allocated from:
    #0 0x7f80a8f8a5b1 in malloc (/usr/lib/libasan.so.8+0x18a5b1) (BuildId: 9984d9525c58ce2da97a0c6855b72ef802ee1bbe)
    #1 0x7b80a74e1d1f  (<unknown module>)

Indirect leak of 31 byte(s) in 2 object(s) allocated from:
    #0 0x7f80a8f8a5b1 in malloc (/usr/lib/libasan.so.8+0x18a5b1) (BuildId: 9984d9525c58ce2da97a0c6855b72ef802ee1bbe)
    #1 0x7f80a79cdf08  (<unknown module>)

Indirect leak of 24 byte(s) in 1 object(s) allocated from:
    #0 0x7f80a8f89451  (/usr/lib/libasan.so.8+0x189451) (BuildId: 9984d9525c58ce2da97a0c6855b72ef802ee1bbe)
    #1 0x7b80a74d9818  (<unknown module>)

Indirect leak of 24 byte(s) in 1 object(s) allocated from:
    #0 0x7f80a8f8aa21 in calloc (/usr/lib/libasan.so.8+0x18aa21) (BuildId: 9984d9525c58ce2da97a0c6855b72ef802ee1bbe)
    #1 0x7b80a74d6513  (<unknown module>)
    #2 0x7b80a74da417  (<unknown module>)

Indirect leak of 12 byte(s) in 1 object(s) allocated from:
    #0 0x7f80a8f8169a in strdup (/usr/lib/libasan.so.8+0x18169a) (BuildId: 9984d9525c58ce2da97a0c6855b72ef802ee1bbe)
    #1 0x7b80a74da47d  (<unknown module>)

Indirect leak of 6 byte(s) in 1 object(s) allocated from:
    #0 0x7f80a8f8169a in strdup (/usr/lib/libasan.so.8+0x18169a) (BuildId: 9984d9525c58ce2da97a0c6855b72ef802ee1bbe)
    #1 0x7b80a74df572  (<unknown module>)

Indirect leak of 1 byte(s) in 1 object(s) allocated from:
    #0 0x7f80a8f8a5b1 in malloc (/usr/lib/libasan.so.8+0x18a5b1) (BuildId: 9984d9525c58ce2da97a0c6855b72ef802ee1bbe)
    #1 0x7b80a74e1c7d  (<unknown module>)

SUMMARY: AddressSanitizer: 53776 byte(s) leaked in 816 allocation(s).
