461411900 2 4
461412000 4 8
461412110 5 10
461412210 7 14
461412310 9 18
461412420 10 20
461412520 12 24
461412630 14 28
461412730 15 30
461412840 17 34
461412940 19 38
461413050 20 40
461413150 22 44
461413260 24 48
461413360 25 52
461413470 27 54
461413570 29 58
461413680 31 62
461413780 32 64
461413890 34 68
461413990 36 72
461414100 37 74
461414200 39 78
461414310 41 82
461414410 42 84
461414520 44 88
461414620 46 92
461414730 47 94
461414830 49 98
461414930 51 102
461415040 52 104
461415140 54 108
461415250 56 112
461415350 57 114
461415460 59 118
461415560 61 122
461415670 62 124
461415770 64 128
461415880 66 132
461415980 67 134
461416090 69 138
461416190 71 142
461416290 72 144
461416400 74 148
461416500 76 152
461416610 77 154
461416720 79 158
461416820 81 162
461416930 82 164
461417030 84 168
461417140 86 172
461417240 87 174
461417350 89 178
461417450 91 182
461417560 93 186
461417660 94 188
461417770 96 192
461417870 98 196
461417980 99 198
461418080 101 202
461418190 103 206
461418290 104 208
461418400 106 212
461418500 108 216
461418610 109 218
461418710 111 222
461418820 111 222
461418920 111 222
dialog_geom 0 0 929 490 0
461419030 111 222
461419140 111 222
461419240 111 222
461419350 111 222
461419450 111 222
461419560 111 222
461419660 111 222
461419770 111 222
461419870 111 222
461419970 111 222
461420080 111 222
461420190 111 222
461420290 111 222
461420400 111 222
461420500 111 222
461420600 111 222
461420710 111 222
461420810 112 224
461420920 112 224
461421020 112 224
461421130 112 224
461421230 112 224
461421340 112 224
461421440 112 224
461421550 112 224
461421650 112 224
461421760 112 224
461421860 112 224
461421970 112 224
461422070 112 224
461422180 112 224
461422280 112 224
461422390 112 224
461422490 112 224
461422600 112 224
461422700 112 224
461422810 114 228
461422910 118 236
461423020 121 242
461423120 125 250
461423230 128 256
461423330 131 262
461423440 135 270
461423540 138 276
461423650 141 282
461423750 145 290
461423850 148 296
461423960 151 302
461424060 155 310
461424170 158 316
461424270 161 322
461424380 165 330
461424480 168 336
461424590 171 342
461424690 175 350
461424800 178 356
461424900 181 362
461425010 185 370
461425110 188 376
461425220 191 382
461425320 195 390
461425430 198 396
461425530 201 402
461425640 205 410
461425740 208 416
461425850 211 424
461425950 215 430
461426060 218 436
461426160 222 444
461426260 225 450
461426370 228 456
461426470 232 464
461426580 235 470
461426680 238 476
461426790 242 484
461426890 245 490
461427000 248 496
461427100 252 504
461427210 255 510
461427310 258 516
461427420 262 524
461427520 265 530
461427620 268 536
461427730 272 544
461427830 275 550
461427940 278 556
461428040 282 564
461428150 285 570
461428250 288 576
461428360 292 584
461428460 295 590
461428570 298 596
461428670 302 604
461428770 305 610
461428880 308 616
461428980 312 624
461429090 315 630
461429190 318 636
461429300 322 644
461429400 325 650
461429510 325 650
461429610 325 650
461429720 325 650
461429820 325 650
461429920 325 650
461430030 325 650
461430130 325 650
461430240 325 650
461430340 325 650
461430450 325 650
461430550 325 650
461430650 325 650
461430760 325 650
461430860 325 650
461430970 325 650
461431070 325 650
461431180 325 650
461431280 325 650
461431380 325 650
461431490 326 652
461431590 326 652
461431700 326 652
461431800 326 652
461431910 326 652
461432010 326 652
461432110 326 652
461432220 326 652
461432320 326 652
461432430 326 652
461432530 326 652
461432630 326 652
461432740 326 652
461432840 326 652
461432950 326 652
461433050 326 652
461433150 326 652
461433260 326 652
461433360 326 652
461433470 327 654
461433570 327 654
461433680 327 654
461433780 327 654
461433880 327 654
461433990 327 654
461434090 327 654
461434200 327 654
461434300 327 654
461434400 327 654
461434510 327 654
461434610 327 654
461434720 327 654
461434820 327 654
461434920 327 654
461435030 327 654
461435130 327 654
461435240 327 654
461435340 327 654
461435450 328 656
461435550 328 656
461435650 328 656
461435760 328 656
461435860 328 656
461435970 328 656
461436070 328 656
461436180 328 656
461436280 328 656
461436390 328 656
461436490 328 656
461436590 328 656
461436700 328 656
461436800 328 656
461436910 328 656
461437010 328 656
461437120 328 656
461437220 328 656
461437320 328 656
461437430 329 658
461437530 329 658
461437640 329 658
461437740 329 658
461437840 329 658
461437950 329 658
461438050 329 658
461438160 329 658
461438260 329 658
461438370 329 658
461438470 329 658
461438570 329 658
461438680 329 658
461438780 329 658
461438890 329 658
461438990 329 658
461439100 329 658
461439200 329 658
461439300 329 658
461439410 330 660
461439510 330 660
461439620 330 660
461439720 330 660
461439830 330 660
461439930 330 660
461440030 330 660
461440140 330 660
461440240 330 660
461440350 330 660
461440450 330 660
461440550 330 660
461440660 330 660
461440760 330 660
461440870 330 660
461440970 330 660
461441080 330 660
461441180 330 660
461441280 330 660
461441390 330 662
461441490 331 662
461441600 331 662
461441700 331 662
461441800 331 662
461441910 331 662
461442010 331 662
461442120 331 662
461442220 331 662
461442330 331 662
461442430 331 662
461442530 331 662
461442640 331 662
461442740 331 662
461442850 331 662
461442950 331 662
461443060 331 662
461443160 331 662
461443260 331 662
461443370 331 662
461443470 332 664
461443580 332 664
461443680 332 664
461443780 332 664
461443890 332 664
461443990 332 664
461444100 332 664
461444200 332 664
461444300 332 664
461444410 332 664
461444510 332 664
461444620 332 664
461444720 332 664
461444830 332 664
461444930 332 664
461445040 332 664
461445140 332 664
461445240 332 664
461445350 332 664
461445450 333 666
461445560 333 666
461445660 333 666
461445770 333 666
461445870 333 666
461445970 333 666
461446080 333 666
461446180 333 666
461446290 333 666
461446390 333 666
461446490 333 666
461446600 333 666
461446700 333 666
461446810 333 666
461446910 333 666
461447010 333 666
461447120 333 666
461447220 333 666
461447330 333 666
461447430 334 668
461447540 334 668
461447640 334 668
461447740 334 668
461447850 334 668
461447950 334 668
461448060 334 668
461448160 334 668
461448270 334 668
461448370 334 668
461448470 334 668
461448580 334 668
461448680 334 668
461448790 334 668
461448890 334 668
461449000 334 668
461449100 334 668
461449200 334 668
461449310 334 668
461449410 334 668
461449520 334 668
