[harness] pre-flight OK: Xvfb/xdpyinfo/xlsfonts/xwd/convert/compare + fonts dir /home/archerc/.local/xast-env/fonts
[harness] Xvfb :99 up (1280x1024x24, fp=/home/archerc/.local/xast-env/fonts)
[harness] font pre-flight OK: all 5 stage.H:134-138 families resolve
[harness] work dir: /tmp/xast-harness.SsLCHx (kept)
[harness] staged test/harness/fixtures/hiScore.nul.data as /tmp/xast-harness.SsLCHx/hiScore.data (score.H cwd candidate picks it up)
[harness] game pid 1297014 (DISPLAY=:99 XAST_SEED=12345, cwd=/tmp/xast-harness.SsLCHx)
[harness] settling 10s for static init
[harness] window 0x4194311 "Asteroids" client 688x702 border=0 depth=24 at +296+161
[harness] script loaded: test/harness/scripts/session.script (46 lines)
[harness] frame mode: locking boundaries to published sim-frame indices (/tmp/xast-harness.SsLCHx/framecount)
WARNING: The convert command is deprecated in IMv7, use "magick" instead of "convert" or "magick convert"

[harness] captured help.png (688x702) @boundary 1
[harness] first published frame 1 -> frame_base=3.000000
WARNING: The convert command is deprecated in IMv7, use "magick" instead of "convert" or "magick convert"

[harness] captured start.png (688x702) @boundary 40
WARNING: The convert command is deprecated in IMv7, use "magick" instead of "convert" or "magick convert"

[harness] captured gp1.png (688x702) @boundary 120
WARNING: The convert command is deprecated in IMv7, use "magick" instead of "convert" or "magick convert"

[harness] captured gp2.png (688x702) @boundary 200
WARNING: The convert command is deprecated in IMv7, use "magick" instead of "convert" or "magick convert"

[harness] captured gp3.png (688x702) @boundary 240
WARNING: The convert command is deprecated in IMv7, use "magick" instead of "convert" or "magick convert"

[harness] captured gp4.png (688x702) @boundary 340
WARNING: The convert command is deprecated in IMv7, use "magick" instead of "convert" or "magick convert"

[harness] captured gp5.png (688x702) @boundary 400
WARNING: The convert command is deprecated in IMv7, use "magick" instead of "convert" or "magick convert"

[harness] captured gp6.png (688x702) @boundary 600
WARNING: The convert command is deprecated in IMv7, use "magick" instead of "convert" or "magick convert"

[harness] captured gp7.png (688x702) @boundary 800
WARNING: The convert command is deprecated in IMv7, use "magick" instead of "convert" or "magick convert"

[harness] captured gp8.png (688x702) @boundary 1000
WARNING: The convert command is deprecated in IMv7, use "magick" instead of "convert" or "magick convert"

[harness] captured gp9.png (688x702) @boundary 1200
WARNING: The convert command is deprecated in IMv7, use "magick" instead of "convert" or "magick convert"

[harness] captured gp10.png (688x702) @boundary 1400
WARNING: The convert command is deprecated in IMv7, use "magick" instead of "convert" or "magick convert"

[harness] captured hiscore.png (688x702) @boundary 1700
[ERROR] X error 9 (BadDrawable (invalid Pixmap or Window parameter)) request=73
[harness] game process exited (rc=0)
[harness] frame run done: 1722 boundaries in 70.285629s, checkpoints 13
[harness] diff vs reference /tmp/opencode/t46/canon-gl:
WARNING: The convert command is deprecated in IMv7, use "magick" instead of "convert" or "magick convert"

WARNING: The convert command is deprecated in IMv7, use "magick" instead of "convert" or "magick convert"

[diff-ok] help AE=0.000000 mask=qa/phase4-evidence/masks/help.mask.png
WARNING: The convert command is deprecated in IMv7, use "magick" instead of "convert" or "magick convert"

WARNING: The convert command is deprecated in IMv7, use "magick" instead of "convert" or "magick convert"

[diff-ok] start AE=0.000000 mask=qa/phase4-evidence/masks/start.mask.png
WARNING: The convert command is deprecated in IMv7, use "magick" instead of "convert" or "magick convert"

WARNING: The convert command is deprecated in IMv7, use "magick" instead of "convert" or "magick convert"

[diff-ok] gp1 AE=0.000000 mask=qa/phase4-evidence/masks/gp1.mask.png
WARNING: The convert command is deprecated in IMv7, use "magick" instead of "convert" or "magick convert"

WARNING: The convert command is deprecated in IMv7, use "magick" instead of "convert" or "magick convert"

[diff-ok] gp2 AE=0.000000 mask=qa/phase4-evidence/masks/gp2.mask.png
WARNING: The convert command is deprecated in IMv7, use "magick" instead of "convert" or "magick convert"

WARNING: The convert command is deprecated in IMv7, use "magick" instead of "convert" or "magick convert"

[diff-ok] gp3 AE=0.000000 mask=qa/phase4-evidence/masks/gp3.mask.png
WARNING: The convert command is deprecated in IMv7, use "magick" instead of "convert" or "magick convert"

WARNING: The convert command is deprecated in IMv7, use "magick" instead of "convert" or "magick convert"

[diff-ok] gp4 AE=0.000000 mask=qa/phase4-evidence/masks/gp4.mask.png
WARNING: The convert command is deprecated in IMv7, use "magick" instead of "convert" or "magick convert"

WARNING: The convert command is deprecated in IMv7, use "magick" instead of "convert" or "magick convert"

[diff-ok] gp5 AE=0.000000 mask=qa/phase4-evidence/masks/gp5.mask.png
WARNING: The convert command is deprecated in IMv7, use "magick" instead of "convert" or "magick convert"

WARNING: The convert command is deprecated in IMv7, use "magick" instead of "convert" or "magick convert"

[diff-ok] gp6 AE=0.000000 mask=qa/phase4-evidence/masks/gp6.mask.png
WARNING: The convert command is deprecated in IMv7, use "magick" instead of "convert" or "magick convert"

WARNING: The convert command is deprecated in IMv7, use "magick" instead of "convert" or "magick convert"

[diff-ok] gp7 AE=0.000000 mask=qa/phase4-evidence/masks/gp7.mask.png
WARNING: The convert command is deprecated in IMv7, use "magick" instead of "convert" or "magick convert"

WARNING: The convert command is deprecated in IMv7, use "magick" instead of "convert" or "magick convert"

[diff-ok] gp8 AE=0.000000 mask=qa/phase4-evidence/masks/gp8.mask.png
WARNING: The convert command is deprecated in IMv7, use "magick" instead of "convert" or "magick convert"

WARNING: The convert command is deprecated in IMv7, use "magick" instead of "convert" or "magick convert"

[diff-ok] gp9 AE=0.000000 mask=qa/phase4-evidence/masks/gp9.mask.png
WARNING: The convert command is deprecated in IMv7, use "magick" instead of "convert" or "magick convert"

WARNING: The convert command is deprecated in IMv7, use "magick" instead of "convert" or "magick convert"

[diff-ok] gp10 AE=0.000000 mask=qa/phase4-evidence/masks/gp10.mask.png
WARNING: The convert command is deprecated in IMv7, use "magick" instead of "convert" or "magick convert"

WARNING: The convert command is deprecated in IMv7, use "magick" instead of "convert" or "magick convert"

[diff-ok] hiscore AE=0.000000 mask=qa/phase4-evidence/masks/hiscore.mask.png
[harness] manifest: /tmp/opencode/t46/canon-vk/manifest.txt
[cleanup] killed Xvfb pid 1296977
RESULT: PASS (all checkpoints AE=0)
