[harness] pre-flight OK: Xvfb/xdpyinfo/xlsfonts/xwd/convert/compare + fonts dir /home/archerc/.local/xast-env/fonts
[harness] Xvfb :99 up (1280x1024x24, fp=/home/archerc/.local/xast-env/fonts)
[harness] font pre-flight OK: all 5 stage.H:134-138 families resolve
[harness] work dir: /tmp/xast-harness.ICbNWn (kept)
[harness] staged test/harness/fixtures/hiScore.nul.data as /tmp/xast-harness.ICbNWn/hiScore.data (score.H cwd candidate picks it up)
[harness] game pid 1264825 (DISPLAY=:99 XAST_SEED=12345, cwd=/tmp/xast-harness.ICbNWn)
[harness] settling 10s for static init
[harness] window 0x4194311 "Asteroids" client 688x702 border=0 depth=24 at +296+161
[harness] script loaded: test/harness/scripts/session.script (46 lines)
[harness] frame mode: locking boundaries to published sim-frame indices (/tmp/xast-harness.ICbNWn/framecount)
[harness] captured help.png (688x702) @boundary 1
[harness] first published frame 1 -> frame_base=3.000000
[harness] captured start.png (688x702) @boundary 40
[harness] captured gp1.png (688x702) @boundary 120
[harness] captured gp2.png (688x702) @boundary 200
[harness] captured gp3.png (688x702) @boundary 240
[harness] captured gp4.png (688x702) @boundary 340
[harness] captured gp5.png (688x702) @boundary 400
[harness] captured gp6.png (688x702) @boundary 600
[harness] captured gp7.png (688x702) @boundary 800
[harness] captured gp8.png (688x702) @boundary 1000
[harness] captured gp9.png (688x702) @boundary 1200
[harness] captured gp10.png (688x702) @boundary 1400
[harness] captured hiscore.png (688x702) @boundary 1700
[ERROR] X error 9 (BadDrawable (invalid Pixmap or Window parameter)) request=73
[harness] game process exited (rc=0)
[harness] frame run done: 1722 boundaries in 69.675300s, checkpoints 13
[harness] diff vs reference /tmp/opencode/t43-q11/gl-caps:
[diff-ok] help AE=0.000000 mask=/tmp/opencode/t43-q11/masks/help.mask.png
[diff-ok] start AE=0.000000 mask=/tmp/opencode/t43-q11/masks/start.mask.png
[diff-ok] gp1 AE=0.000000 mask=/tmp/opencode/t43-q11/masks/gp1.mask.png
[diff-ok] gp2 AE=0.000000 mask=/tmp/opencode/t43-q11/masks/gp2.mask.png
[diff-ok] gp3 AE=0.000000 mask=/tmp/opencode/t43-q11/masks/gp3.mask.png
[diff-ok] gp4 AE=0.000000 mask=/tmp/opencode/t43-q11/masks/gp4.mask.png
[diff-ok] gp5 AE=0.000000 mask=/tmp/opencode/t43-q11/masks/gp5.mask.png
[diff-ok] gp6 AE=0.000000 mask=/tmp/opencode/t43-q11/masks/gp6.mask.png
[diff-ok] gp7 AE=0.000000 mask=/tmp/opencode/t43-q11/masks/gp7.mask.png
[diff-ok] gp8 AE=0.000000 mask=/tmp/opencode/t43-q11/masks/gp8.mask.png
[diff-ok] gp9 AE=0.000000 mask=/tmp/opencode/t43-q11/masks/gp9.mask.png
[diff-ok] gp10 AE=0.000000 mask=/tmp/opencode/t43-q11/masks/gp10.mask.png
[diff-ok] hiscore AE=0.000000 mask=/tmp/opencode/t43-q11/masks/hiscore.mask.png
[harness] manifest: /tmp/opencode/t43-q11/vk-gate-final/manifest.txt
[cleanup] killed Xvfb pid 1264788
RESULT: PASS (all checkpoints AE=0)
